Release 14.2 - xst P.28xd (nt64)
Copyright (c) 1995-2012 Xilinx, Inc.  All rights reserved.
--> Parameter TMPDIR set to xst/projnav.tmp


Total REAL time to Xst completion: 0.00 secs
Total CPU time to Xst completion: 0.14 secs
 
--> Parameter xsthdpdir set to xst


Total REAL time to Xst completion: 0.00 secs
Total CPU time to Xst completion: 0.14 secs
 
--> Reading design: COUNTER.prj

TABLE OF CONTENTS
  1) Synthesis Options Summary
  2) HDL Compilation
  3) Design Hierarchy Analysis
  4) HDL Analysis
  5) HDL Synthesis
     5.1) HDL Synthesis Report
  6) Advanced HDL Synthesis
     6.1) Advanced HDL Synthesis Report
  7) Low Level Synthesis
  8) Partition Report
  9) Final Report
	9.1) Device utilization summary
	9.2) Partition Resource Summary
	9.3) TIMING REPORT


=========================================================================
*                      Synthesis Options Summary                        *
=========================================================================
---- Source Parameters
Input File Name                    : "COUNTER.prj"
Input Format                       : mixed
Ignore Synthesis Constraint File   : NO

---- Target Parameters
Output File Name                   : "COUNTER"
Output Format                      : NGC
Target Device                      : xc3s250e-5-cp132

---- Source Options
Top Module Name                    : COUNTER
Automatic FSM Extraction           : YES
FSM Encoding Algorithm             : Auto
Safe Implementation                : No
FSM Style                          : LUT
RAM Extraction                     : Yes
RAM Style                          : Auto
ROM Extraction                     : Yes
Mux Style                          : Auto
Decoder Extraction                 : YES
Priority Encoder Extraction        : Yes
Shift Register Extraction          : YES
Logical Shifter Extraction         : YES
XOR Collapsing                     : YES
ROM Style                          : Auto
Mux Extraction                     : Yes
Resource Sharing                   : YES
Asynchronous To Synchronous        : NO
Multiplier Style                   : Auto
Automatic Register Balancing       : No

---- Target Options
Add IO Buffers                     : YES
Global Maximum Fanout              : 100000
Add Generic Clock Buffer(BUFG)     : 24
Register Duplication               : YES
Slice Packing                      : YES
Optimize Instantiated Primitives   : NO
Use Clock Enable                   : Yes
Use Synchronous Set                : Yes
Use Synchronous Reset              : Yes
Pack IO Registers into IOBs        : Auto
Equivalent register Removal        : YES

---- General Options
Optimization Goal                  : Speed
Optimization Effort                : 1
Keep Hierarchy                     : No
Netlist Hierarchy                  : As_Optimized
RTL Output                         : Yes
Global Optimization                : AllClockNets
Read Cores                         : YES
Write Timing Constraints           : NO
Cross Clock Analysis               : NO
Hierarchy Separator                : /
Bus Delimiter                      : <>
Case Specifier                     : Maintain
Slice Utilization Ratio            : 100
BRAM Utilization Ratio             : 100
Verilog 2001                       : YES
Auto BRAM Packing                  : NO
Slice Utilization Ratio Delta      : 5

=========================================================================


=========================================================================
*                          HDL Compilation                              *
=========================================================================
Compiling verilog file "COUNTER.v" in library work
Module <COUNTER> compiled
No errors in compilation
Analysis of file <"COUNTER.prj"> succeeded.
 
Compiling vhdl file "C:/Users/Chaitanya Paikara/Documents/GitHub/BLDC_Motor_FPGA/CRYPTO/Rough.vhf" in Library work.
Architecture behavioral of Entity fd8ce_mxilinx_rough is up to date.
Architecture behavioral of Entity main_muser_rough is up to date.
Architecture behavioral of Entity rough is up to date.

=========================================================================
*                     Design Hierarchy Analysis                         *
=========================================================================
Analyzing hierarchy for module <COUNTER> in library <work>.


=========================================================================
*                            HDL Analysis                               *
=========================================================================
Analyzing top module <COUNTER>.
WARNING:Xst:2320 - "COUNTER.v" line 40: Value for signal OUT_1_w in initial block is not constant. The initialization will be ignored.
Module <COUNTER> is correct for synthesis.
 

=========================================================================
*                           HDL Synthesis                               *
=========================================================================

Performing bidirectional port resolution...

Synthesizing Unit <COUNTER>.
    Related source file is "COUNTER.v".
WARNING:Xst:647 - Input <CT> is never used. This port will be preserved and left unconnected if it belongs to a top-level block or it belongs to a sub-block and the hierarchy of this sub-block is preserved.
WARNING:Xst:1306 - Output <OUT_1> is never assigned.
WARNING:Xst:1306 - Output <OUT_2> is never assigned.
WARNING:Xst:1306 - Output <OUT_3> is never assigned.
WARNING:Xst:1306 - Output <OUT_4> is never assigned.
WARNING:Xst:1780 - Signal <flag> is never used or assigned. This unconnected signal will be trimmed during the optimization process.
WARNING:Xst:646 - Signal <OUT_4_w> is assigned but never used. This unconnected signal will be trimmed during the optimization process.
WARNING:Xst:646 - Signal <OUT_3_w> is assigned but never used. This unconnected signal will be trimmed during the optimization process.
WARNING:Xst:646 - Signal <OUT_2_w> is assigned but never used. This unconnected signal will be trimmed during the optimization process.
WARNING:Xst:646 - Signal <OUT_1_w> is assigned but never used. This unconnected signal will be trimmed during the optimization process.
    Found 6-bit up counter for signal <cnt>.
    Found 1-bit register for signal <en_w>.
    Found 1-bit register for signal <GLOBAL_EN_O>.
    Summary:
	inferred   1 Counter(s).
	inferred   2 D-type flip-flop(s).
	inferred   1 Adder/Subtractor(s).
Unit <COUNTER> synthesized.


=========================================================================
HDL Synthesis Report

Macro Statistics
# Adders/Subtractors                                   : 1
 6-bit adder                                           : 1
# Counters                                             : 1
 6-bit up counter                                      : 1
# Registers                                            : 2
 1-bit register                                        : 2

=========================================================================

=========================================================================
*                       Advanced HDL Synthesis                          *
=========================================================================


=========================================================================
Advanced HDL Synthesis Report

Macro Statistics
# Adders/Subtractors                                   : 1
 6-bit adder                                           : 1
# Counters                                             : 1
 6-bit up counter                                      : 1
# Registers                                            : 2
 Flip-Flops                                            : 2

=========================================================================

=========================================================================
*                         Low Level Synthesis                           *
=========================================================================

Optimizing unit <COUNTER> ...

Mapping all equations...
Building and optimizing final netlist ...
Found area constraint ratio of 100 (+ 5) on block COUNTER, actual ratio is 0.

Final Macro Processing ...

=========================================================================
Final Register Report

Macro Statistics
# Registers                                            : 8
 Flip-Flops                                            : 8

=========================================================================

=========================================================================
*                           Partition Report                            *
=========================================================================

Partition Implementation Status
-------------------------------

  No Partitions were found in this design.

-------------------------------

=========================================================================
*                            Final Report                               *
=========================================================================
Final Results
RTL Top Level Output File Name     : COUNTER.ngr
Top Level Output File Name         : COUNTER
Output Format                      : NGC
Optimization Goal                  : Speed
Keep Hierarchy                     : No

Design Statistics
# IOs                              : 99

Cell Usage :
# BELS                             : 12
#      GND                         : 1
#      INV                         : 1
#      LUT2                        : 3
#      LUT3                        : 2
#      LUT3_D                      : 1
#      LUT4                        : 3
#      LUT4_L                      : 1
# FlipFlops/Latches                : 8
#      FD                          : 1
#      FDE                         : 6
#      FDSE                        : 1
# Clock Buffers                    : 1
#      BUFGP                       : 1
# IO Buffers                       : 2
#      IBUF                        : 1
#      OBUF                        : 1
=========================================================================

Device utilization summary:
---------------------------

Selected Device : 3s250ecp132-5 

 Number of Slices:                        6  out of   2448     0%  
 Number of Slice Flip Flops:              8  out of   4896     0%  
 Number of 4 input LUTs:                 11  out of   4896     0%  
 Number of IOs:                          99
 Number of bonded IOBs:                   3  out of     92     3%  
 Number of GCLKs:                         1  out of     24     4%  

---------------------------
Partition Resource Summary:
---------------------------

  No Partitions were found in this design.

---------------------------


=========================================================================
TIMING REPORT

NOTE: THESE TIMING NUMBERS ARE ONLY A SYNTHESIS ESTIMATE.
      FOR ACCURATE TIMING INFORMATION PLEASE REFER TO THE TRACE REPORT
      GENERATED AFTER PLACE-and-ROUTE.

Clock Information:
------------------
-----------------------------------+------------------------+-------+
Clock Signal                       | Clock buffer(FF name)  | Load  |
-----------------------------------+------------------------+-------+
CLK                                | BUFGP                  | 8     |
-----------------------------------+------------------------+-------+

Asynchronous Control Signals Information:
----------------------------------------
No asynchronous control signals found in this design

Timing Summary:
---------------
Speed Grade: -5

   Minimum period: 3.253ns (Maximum Frequency: 307.442MHz)
   Minimum input arrival time before clock: 3.924ns
   Maximum output required time after clock: 4.040ns
   Maximum combinational path delay: No path found

Timing Detail:
--------------
All values displayed in nanoseconds (ns)

=========================================================================
Timing constraint: Default period analysis for Clock 'CLK'
  Clock period: 3.253ns (frequency: 307.442MHz)
  Total number of paths / destination ports: 34 / 14
-------------------------------------------------------------------------
Delay:               3.253ns (Levels of Logic = 2)
  Source:            cnt_0 (FF)
  Destination:       en_w (FF)
  Source Clock:      CLK rising
  Destination Clock: CLK rising

  Data Path: cnt_0 to en_w
                                Gate     Net
    Cell:in->out      fanout   Delay   Delay  Logical Name (Net Name)
    ----------------------------------------  ------------
     FDE:C->Q              6   0.514   0.572  cnt_0 (cnt_0)
     LUT4_L:I3->LO         1   0.612   0.103  en_w_not0001_SW1 (N7)
     LUT4:I3->O            1   0.612   0.357  en_w_not0001 (en_w_not0001)
     FDSE:CE                   0.483          en_w
    ----------------------------------------
    Total                      3.253ns (2.221ns logic, 1.032ns route)
                                       (68.3% logic, 31.7% route)

=========================================================================
Timing constraint: Default OFFSET IN BEFORE for Clock 'CLK'
  Total number of paths / destination ports: 9 / 9
-------------------------------------------------------------------------
Offset:              3.924ns (Levels of Logic = 3)
  Source:            GLOBAL_EN (PAD)
  Destination:       en_w (FF)
  Destination Clock: CLK rising

  Data Path: GLOBAL_EN to en_w
                                Gate     Net
    Cell:in->out      fanout   Delay   Delay  Logical Name (Net Name)
    ----------------------------------------  ------------
     IBUF:I->O             4   1.106   0.651  GLOBAL_EN_IBUF (GLOBAL_EN_IBUF)
     LUT4_L:I0->LO         1   0.612   0.103  en_w_not0001_SW1 (N7)
     LUT4:I3->O            1   0.612   0.357  en_w_not0001 (en_w_not0001)
     FDSE:CE                   0.483          en_w
    ----------------------------------------
    Total                      3.924ns (2.813ns logic, 1.111ns route)
                                       (71.7% logic, 28.3% route)

=========================================================================
Timing constraint: Default OFFSET OUT AFTER for Clock 'CLK'
  Total number of paths / destination ports: 1 / 1
-------------------------------------------------------------------------
Offset:              4.040ns (Levels of Logic = 1)
  Source:            en_w (FF)
  Destination:       en (PAD)
  Source Clock:      CLK rising

  Data Path: en_w to en
                                Gate     Net
    Cell:in->out      fanout   Delay   Delay  Logical Name (Net Name)
    ----------------------------------------  ------------
     FDSE:C->Q             1   0.514   0.357  en_w (en_w)
     OBUF:I->O                 3.169          en_OBUF (en)
    ----------------------------------------
    Total                      4.040ns (3.683ns logic, 0.357ns route)
                                       (91.2% logic, 8.8% route)

=========================================================================


Total REAL time to Xst completion: 5.00 secs
Total CPU time to Xst completion: 5.20 secs
 
--> 

Total memory usage is 303508 kilobytes

Number of errors   :    0 (   0 filtered)
Number of warnings :   11 (   0 filtered)
Number of infos    :    0 (   0 filtered)

