--------------------------------------------------------------------------------
Release 14.2 Trace  (nt64)
Copyright (c) 1995-2012 Xilinx, Inc.  All rights reserved.

C:\Xilinx\14.2\ISE_DS\ISE\bin\nt64\unwrapped\trce.exe -intstyle ise -v 3 -s 3
-n 3 -fastpaths -xml Rough_S_LUT.twx Rough_S_LUT.ncd -o Rough_S_LUT.twr
Rough_S_LUT.pcf

Design file:              Rough_S_LUT.ncd
Physical constraint file: Rough_S_LUT.pcf
Device,package,speed:     xc6slx9,csg324,C,-3 (PRODUCTION 1.22 2012-07-09)
Report level:             verbose report

Environment Variable      Effect 
--------------------      ------ 
NONE                      No environment variables were set
--------------------------------------------------------------------------------

INFO:Timing:2698 - No timing constraints found, doing default enumeration.
INFO:Timing:3412 - To improve timing, see the Timing Closure User Guide (UG612).
INFO:Timing:2752 - To get complete path coverage, use the unconstrained paths 
   option. All paths that are not constrained will be reported in the 
   unconstrained paths section(s) of the report.
INFO:Timing:3339 - The clock-to-out numbers in this timing report are based on 
   a 50 Ohm transmission line loading model.  For the details of this model, 
   and for more information on accounting for different loading conditions, 
   please see the device datasheet.



Data Sheet report:
-----------------
All values displayed in nanoseconds (ns)

Setup/Hold to clock CLK
--------------+------------+------------+------------+------------+------------------+--------+
              |Max Setup to|  Process   |Max Hold to |  Process   |                  | Clock  |
Source        | clk (edge) |   Corner   | clk (edge) |   Corner   |Internal Clock(s) | Phase  |
--------------+------------+------------+------------+------------+------------------+--------+
CipherText<0> |    2.734(F)|      SLOW  |   -1.404(F)|      FAST  |CLK_BUFGP         |   0.000|
CipherText<1> |    2.240(F)|      SLOW  |   -1.052(F)|      FAST  |CLK_BUFGP         |   0.000|
CipherText<2> |    2.288(F)|      SLOW  |   -1.079(F)|      FAST  |CLK_BUFGP         |   0.000|
CipherText<3> |    2.654(F)|      SLOW  |   -1.380(F)|      FAST  |CLK_BUFGP         |   0.000|
CipherText<4> |    2.354(F)|      SLOW  |   -1.190(F)|      FAST  |CLK_BUFGP         |   0.000|
CipherText<5> |    2.486(F)|      SLOW  |   -1.265(F)|      FAST  |CLK_BUFGP         |   0.000|
CipherText<6> |    2.256(F)|      SLOW  |   -0.997(F)|      FAST  |CLK_BUFGP         |   0.000|
CipherText<7> |    2.281(F)|      SLOW  |   -1.156(F)|      FAST  |CLK_BUFGP         |   0.000|
CipherText<8> |    4.876(R)|      SLOW  |   -1.873(R)|      FAST  |CLK_BUFGP         |   0.000|
              |    2.192(F)|      SLOW  |   -1.060(F)|      FAST  |CLK_BUFGP         |   0.000|
CipherText<9> |    4.562(R)|      SLOW  |   -1.806(R)|      FAST  |CLK_BUFGP         |   0.000|
              |    1.941(F)|      SLOW  |   -0.959(F)|      FAST  |CLK_BUFGP         |   0.000|
CipherText<10>|    4.512(R)|      SLOW  |   -1.830(R)|      FAST  |CLK_BUFGP         |   0.000|
              |    1.793(F)|      SLOW  |   -0.847(F)|      SLOW  |CLK_BUFGP         |   0.000|
CipherText<11>|    5.015(R)|      SLOW  |   -2.096(R)|      FAST  |CLK_BUFGP         |   0.000|
              |    2.146(F)|      SLOW  |   -1.075(F)|      FAST  |CLK_BUFGP         |   0.000|
CipherText<12>|    4.419(R)|      SLOW  |   -1.632(R)|      FAST  |CLK_BUFGP         |   0.000|
              |    1.461(F)|      SLOW  |   -0.534(F)|      SLOW  |CLK_BUFGP         |   0.000|
CipherText<13>|    5.071(R)|      SLOW  |   -1.777(R)|      FAST  |CLK_BUFGP         |   0.000|
              |    1.932(F)|      SLOW  |   -0.940(F)|      FAST  |CLK_BUFGP         |   0.000|
CipherText<14>|    4.397(R)|      SLOW  |   -1.708(R)|      FAST  |CLK_BUFGP         |   0.000|
              |    1.624(F)|      SLOW  |   -0.686(F)|      SLOW  |CLK_BUFGP         |   0.000|
CipherText<15>|    4.399(R)|      SLOW  |   -1.467(R)|      FAST  |CLK_BUFGP         |   0.000|
              |    1.410(F)|      SLOW  |   -0.465(F)|      SLOW  |CLK_BUFGP         |   0.000|
CipherText<16>|    4.208(R)|      SLOW  |   -1.547(R)|      FAST  |CLK_BUFGP         |   0.000|
              |    1.244(F)|      SLOW  |   -0.330(F)|      SLOW  |CLK_BUFGP         |   0.000|
CipherText<17>|    4.175(R)|      SLOW  |   -1.484(R)|      FAST  |CLK_BUFGP         |   0.000|
              |    1.467(F)|      SLOW  |   -0.538(F)|      SLOW  |CLK_BUFGP         |   0.000|
CipherText<18>|    4.244(R)|      SLOW  |   -1.489(R)|      FAST  |CLK_BUFGP         |   0.000|
              |    1.247(F)|      SLOW  |   -0.313(F)|      SLOW  |CLK_BUFGP         |   0.000|
CipherText<19>|    4.353(R)|      SLOW  |   -1.430(R)|      FAST  |CLK_BUFGP         |   0.000|
              |    1.609(F)|      SLOW  |   -0.663(F)|      SLOW  |CLK_BUFGP         |   0.000|
CipherText<20>|    3.982(R)|      SLOW  |   -1.393(R)|      FAST  |CLK_BUFGP         |   0.000|
              |    1.456(F)|      SLOW  |   -0.530(F)|      SLOW  |CLK_BUFGP         |   0.000|
CipherText<21>|    4.605(R)|      SLOW  |   -1.675(R)|      FAST  |CLK_BUFGP         |   0.000|
              |    1.407(F)|      SLOW  |   -0.474(F)|      SLOW  |CLK_BUFGP         |   0.000|
CipherText<22>|    3.896(R)|      SLOW  |   -1.190(R)|      FAST  |CLK_BUFGP         |   0.000|
              |    1.072(F)|      SLOW  |   -0.164(F)|      SLOW  |CLK_BUFGP         |   0.000|
CipherText<23>|    4.369(R)|      SLOW  |   -1.647(R)|      FAST  |CLK_BUFGP         |   0.000|
              |    1.554(F)|      SLOW  |   -0.623(F)|      SLOW  |CLK_BUFGP         |   0.000|
CipherText<24>|    5.047(R)|      SLOW  |   -1.530(R)|      FAST  |CLK_BUFGP         |   0.000|
              |    1.446(F)|      SLOW  |   -0.517(F)|      SLOW  |CLK_BUFGP         |   0.000|
CipherText<25>|    4.703(R)|      SLOW  |   -1.491(R)|      FAST  |CLK_BUFGP         |   0.000|
              |    1.652(F)|      SLOW  |   -0.697(F)|      FAST  |CLK_BUFGP         |   0.000|
CipherText<26>|    4.784(R)|      SLOW  |   -1.668(R)|      FAST  |CLK_BUFGP         |   0.000|
              |    1.714(F)|      SLOW  |   -0.753(F)|      SLOW  |CLK_BUFGP         |   0.000|
CipherText<27>|    5.032(R)|      SLOW  |   -1.911(R)|      FAST  |CLK_BUFGP         |   0.000|
              |    1.961(F)|      SLOW  |   -0.899(F)|      FAST  |CLK_BUFGP         |   0.000|
CipherText<28>|    5.330(R)|      SLOW  |   -1.898(R)|      FAST  |CLK_BUFGP         |   0.000|
              |    1.988(F)|      SLOW  |   -1.000(F)|      FAST  |CLK_BUFGP         |   0.000|
CipherText<29>|    4.754(R)|      SLOW  |   -1.600(R)|      FAST  |CLK_BUFGP         |   0.000|
              |    1.700(F)|      SLOW  |   -0.720(F)|      FAST  |CLK_BUFGP         |   0.000|
CipherText<30>|    4.999(R)|      SLOW  |   -1.916(R)|      FAST  |CLK_BUFGP         |   0.000|
              |    2.023(F)|      SLOW  |   -1.021(F)|      FAST  |CLK_BUFGP         |   0.000|
CipherText<31>|    5.092(R)|      SLOW  |   -1.993(R)|      FAST  |CLK_BUFGP         |   0.000|
              |    2.492(F)|      SLOW  |   -1.280(F)|      FAST  |CLK_BUFGP         |   0.000|
GLOBAL_EN     |    3.787(R)|      SLOW  |   -1.037(R)|      FAST  |CLK_BUFGP         |   0.000|
--------------+------------+------------+------------+------------+------------------+--------+

Clock CLK to Pad
------------+-----------------+------------+-----------------+------------+------------------+--------+
            |Max (slowest) clk|  Process   |Min (fastest) clk|  Process   |                  | Clock  |
Destination |  (edge) to PAD  |   Corner   |  (edge) to PAD  |   Corner   |Internal Clock(s) | Phase  |
------------+-----------------+------------+-----------------+------------+------------------+--------+
EN          |         8.723(R)|      SLOW  |         4.663(R)|      FAST  |CLK_BUFGP         |   0.000|
K_1<0>      |         7.361(R)|      SLOW  |         3.844(R)|      FAST  |CLK_BUFGP         |   0.000|
K_1<1>      |         7.608(R)|      SLOW  |         3.997(R)|      FAST  |CLK_BUFGP         |   0.000|
K_1<2>      |         7.377(R)|      SLOW  |         3.876(R)|      FAST  |CLK_BUFGP         |   0.000|
K_1<3>      |         7.625(R)|      SLOW  |         4.009(R)|      FAST  |CLK_BUFGP         |   0.000|
K_1<4>      |         7.475(R)|      SLOW  |         3.922(R)|      FAST  |CLK_BUFGP         |   0.000|
K_1<5>      |         8.258(R)|      SLOW  |         4.431(R)|      FAST  |CLK_BUFGP         |   0.000|
K_1<6>      |         7.565(R)|      SLOW  |         3.988(R)|      FAST  |CLK_BUFGP         |   0.000|
K_1<7>      |         8.576(R)|      SLOW  |         4.606(R)|      FAST  |CLK_BUFGP         |   0.000|
K_2<0>      |         8.636(R)|      SLOW  |         4.633(R)|      FAST  |CLK_BUFGP         |   0.000|
K_2<1>      |         8.949(R)|      SLOW  |         4.844(R)|      FAST  |CLK_BUFGP         |   0.000|
K_2<2>      |         8.675(R)|      SLOW  |         4.636(R)|      FAST  |CLK_BUFGP         |   0.000|
K_2<3>      |         8.872(R)|      SLOW  |         4.784(R)|      FAST  |CLK_BUFGP         |   0.000|
K_2<4>      |         8.853(R)|      SLOW  |         4.800(R)|      FAST  |CLK_BUFGP         |   0.000|
K_2<5>      |         8.577(R)|      SLOW  |         4.564(R)|      FAST  |CLK_BUFGP         |   0.000|
K_2<6>      |         8.577(R)|      SLOW  |         4.564(R)|      FAST  |CLK_BUFGP         |   0.000|
K_2<7>      |         9.126(R)|      SLOW  |         5.031(R)|      FAST  |CLK_BUFGP         |   0.000|
K_3<0>      |         8.791(R)|      SLOW  |         4.813(R)|      FAST  |CLK_BUFGP         |   0.000|
K_3<1>      |         8.829(R)|      SLOW  |         4.785(R)|      FAST  |CLK_BUFGP         |   0.000|
K_3<2>      |         8.915(R)|      SLOW  |         4.885(R)|      FAST  |CLK_BUFGP         |   0.000|
K_3<3>      |         8.863(R)|      SLOW  |         4.827(R)|      FAST  |CLK_BUFGP         |   0.000|
K_3<4>      |         8.937(R)|      SLOW  |         4.873(R)|      FAST  |CLK_BUFGP         |   0.000|
K_3<5>      |         9.170(R)|      SLOW  |         5.022(R)|      FAST  |CLK_BUFGP         |   0.000|
K_3<6>      |         8.888(R)|      SLOW  |         4.824(R)|      FAST  |CLK_BUFGP         |   0.000|
K_3<7>      |         9.047(R)|      SLOW  |         4.966(R)|      FAST  |CLK_BUFGP         |   0.000|
OUT1<0>     |         9.411(F)|      SLOW  |         4.979(F)|      FAST  |CLK_BUFGP         |   0.000|
OUT1<1>     |        10.544(F)|      SLOW  |         5.662(F)|      FAST  |CLK_BUFGP         |   0.000|
OUT1<2>     |         9.702(F)|      SLOW  |         5.190(F)|      FAST  |CLK_BUFGP         |   0.000|
OUT1<3>     |         9.533(F)|      SLOW  |         5.095(F)|      FAST  |CLK_BUFGP         |   0.000|
OUT1<4>     |        10.453(F)|      SLOW  |         5.574(F)|      FAST  |CLK_BUFGP         |   0.000|
OUT1<5>     |         9.713(F)|      SLOW  |         5.049(F)|      FAST  |CLK_BUFGP         |   0.000|
OUT1<6>     |        10.497(F)|      SLOW  |         5.568(F)|      FAST  |CLK_BUFGP         |   0.000|
OUT1<7>     |        10.267(F)|      SLOW  |         5.456(F)|      FAST  |CLK_BUFGP         |   0.000|
OUT2<0>     |        10.633(F)|      SLOW  |         5.759(F)|      FAST  |CLK_BUFGP         |   0.000|
OUT2<1>     |        10.431(F)|      SLOW  |         5.580(F)|      FAST  |CLK_BUFGP         |   0.000|
OUT2<2>     |        10.101(F)|      SLOW  |         5.488(F)|      FAST  |CLK_BUFGP         |   0.000|
OUT2<3>     |         9.857(F)|      SLOW  |         5.372(F)|      FAST  |CLK_BUFGP         |   0.000|
OUT2<4>     |        10.100(F)|      SLOW  |         5.447(F)|      FAST  |CLK_BUFGP         |   0.000|
OUT2<5>     |         9.820(F)|      SLOW  |         5.255(F)|      FAST  |CLK_BUFGP         |   0.000|
OUT2<6>     |        10.139(F)|      SLOW  |         5.069(F)|      FAST  |CLK_BUFGP         |   0.000|
OUT2<7>     |        10.695(F)|      SLOW  |         5.546(F)|      FAST  |CLK_BUFGP         |   0.000|
OUT3<0>     |        10.546(F)|      SLOW  |         5.457(F)|      FAST  |CLK_BUFGP         |   0.000|
OUT3<1>     |        10.342(F)|      SLOW  |         5.523(F)|      FAST  |CLK_BUFGP         |   0.000|
OUT3<2>     |        10.300(F)|      SLOW  |         5.406(F)|      FAST  |CLK_BUFGP         |   0.000|
OUT3<3>     |         9.853(F)|      SLOW  |         5.344(F)|      FAST  |CLK_BUFGP         |   0.000|
OUT3<4>     |        10.295(F)|      SLOW  |         5.551(F)|      FAST  |CLK_BUFGP         |   0.000|
OUT3<5>     |        10.948(F)|      SLOW  |         6.117(F)|      FAST  |CLK_BUFGP         |   0.000|
OUT3<6>     |        11.116(F)|      SLOW  |         6.176(F)|      FAST  |CLK_BUFGP         |   0.000|
OUT3<7>     |        10.899(F)|      SLOW  |         5.815(F)|      FAST  |CLK_BUFGP         |   0.000|
OUT4<0>     |        10.247(F)|      SLOW  |         5.567(F)|      FAST  |CLK_BUFGP         |   0.000|
OUT4<1>     |        10.727(F)|      SLOW  |         5.863(F)|      FAST  |CLK_BUFGP         |   0.000|
OUT4<2>     |        10.911(F)|      SLOW  |         5.799(F)|      FAST  |CLK_BUFGP         |   0.000|
OUT4<3>     |        10.856(F)|      SLOW  |         5.758(F)|      FAST  |CLK_BUFGP         |   0.000|
OUT4<4>     |        11.114(F)|      SLOW  |         5.770(F)|      FAST  |CLK_BUFGP         |   0.000|
OUT4<5>     |        10.682(F)|      SLOW  |         5.913(F)|      FAST  |CLK_BUFGP         |   0.000|
OUT4<6>     |        10.915(F)|      SLOW  |         5.761(F)|      FAST  |CLK_BUFGP         |   0.000|
OUT4<7>     |        11.059(F)|      SLOW  |         5.927(F)|      FAST  |CLK_BUFGP         |   0.000|
OUT_1<0>    |         7.980(F)|      SLOW  |         4.302(F)|      FAST  |CLK_BUFGP         |   0.000|
OUT_1<1>    |         8.228(F)|      SLOW  |         4.443(F)|      FAST  |CLK_BUFGP         |   0.000|
OUT_1<2>    |         7.794(F)|      SLOW  |         4.183(F)|      FAST  |CLK_BUFGP         |   0.000|
OUT_1<3>    |         8.261(F)|      SLOW  |         4.467(F)|      FAST  |CLK_BUFGP         |   0.000|
OUT_1<4>    |         7.697(F)|      SLOW  |         4.106(F)|      FAST  |CLK_BUFGP         |   0.000|
OUT_1<5>    |         7.977(F)|      SLOW  |         4.292(F)|      FAST  |CLK_BUFGP         |   0.000|
OUT_1<6>    |         7.835(F)|      SLOW  |         4.201(F)|      FAST  |CLK_BUFGP         |   0.000|
OUT_1<7>    |         7.845(F)|      SLOW  |         4.224(F)|      FAST  |CLK_BUFGP         |   0.000|
OUT_2<0>    |         8.475(F)|      SLOW  |         4.518(F)|      FAST  |CLK_BUFGP         |   0.000|
OUT_2<1>    |         7.863(F)|      SLOW  |         4.187(F)|      FAST  |CLK_BUFGP         |   0.000|
OUT_2<2>    |         8.702(F)|      SLOW  |         4.679(F)|      FAST  |CLK_BUFGP         |   0.000|
OUT_2<3>    |         8.557(F)|      SLOW  |         4.601(F)|      FAST  |CLK_BUFGP         |   0.000|
OUT_2<4>    |         8.905(F)|      SLOW  |         4.783(F)|      FAST  |CLK_BUFGP         |   0.000|
OUT_2<5>    |         8.695(F)|      SLOW  |         4.667(F)|      FAST  |CLK_BUFGP         |   0.000|
OUT_2<6>    |         9.185(F)|      SLOW  |         4.976(F)|      FAST  |CLK_BUFGP         |   0.000|
OUT_2<7>    |         9.140(F)|      SLOW  |         4.962(F)|      FAST  |CLK_BUFGP         |   0.000|
OUT_3<0>    |         8.949(F)|      SLOW  |         4.855(F)|      FAST  |CLK_BUFGP         |   0.000|
OUT_3<1>    |         9.098(F)|      SLOW  |         4.920(F)|      FAST  |CLK_BUFGP         |   0.000|
OUT_3<2>    |         8.891(F)|      SLOW  |         4.763(F)|      FAST  |CLK_BUFGP         |   0.000|
OUT_3<3>    |         9.081(F)|      SLOW  |         4.903(F)|      FAST  |CLK_BUFGP         |   0.000|
OUT_3<4>    |         9.004(F)|      SLOW  |         4.871(F)|      FAST  |CLK_BUFGP         |   0.000|
OUT_3<5>    |         8.879(F)|      SLOW  |         4.790(F)|      FAST  |CLK_BUFGP         |   0.000|
OUT_3<6>    |         8.885(F)|      SLOW  |         4.750(F)|      FAST  |CLK_BUFGP         |   0.000|
OUT_3<7>    |         8.842(F)|      SLOW  |         4.748(F)|      FAST  |CLK_BUFGP         |   0.000|
OUT_4<0>    |         8.362(F)|      SLOW  |         4.518(F)|      FAST  |CLK_BUFGP         |   0.000|
OUT_4<1>    |         9.025(F)|      SLOW  |         4.899(F)|      FAST  |CLK_BUFGP         |   0.000|
OUT_4<2>    |         8.167(F)|      SLOW  |         4.403(F)|      FAST  |CLK_BUFGP         |   0.000|
OUT_4<3>    |         8.968(F)|      SLOW  |         4.927(F)|      FAST  |CLK_BUFGP         |   0.000|
OUT_4<4>    |         7.954(F)|      SLOW  |         4.258(F)|      FAST  |CLK_BUFGP         |   0.000|
OUT_4<5>    |         8.521(F)|      SLOW  |         4.621(F)|      FAST  |CLK_BUFGP         |   0.000|
OUT_4<6>    |         8.181(F)|      SLOW  |         4.414(F)|      FAST  |CLK_BUFGP         |   0.000|
OUT_4<7>    |         8.551(F)|      SLOW  |         4.619(F)|      FAST  |CLK_BUFGP         |   0.000|
------------+-----------------+------------+-----------------+------------+------------------+--------+

Clock to Setup on destination clock CLK
---------------+---------+---------+---------+---------+
               | Src:Rise| Src:Fall| Src:Rise| Src:Fall|
Source Clock   |Dest:Rise|Dest:Rise|Dest:Fall|Dest:Fall|
---------------+---------+---------+---------+---------+
CLK            |    3.563|    4.934|    2.741|    2.155|
---------------+---------+---------+---------+---------+

Pad to Pad
---------------+---------------+---------+
Source Pad     |Destination Pad|  Delay  |
---------------+---------------+---------+
CipherText<0>  |OUT4<0>        |   11.185|
CipherText<1>  |OUT4<1>        |   10.840|
CipherText<2>  |OUT4<2>        |   10.965|
CipherText<3>  |OUT4<3>        |   11.287|
CipherText<4>  |OUT4<4>        |   11.048|
CipherText<5>  |OUT4<5>        |   11.272|
CipherText<6>  |OUT4<6>        |   10.787|
CipherText<7>  |OUT4<7>        |   11.141|
CipherText<8>  |OUT3<0>        |   10.128|
CipherText<9>  |OUT3<1>        |    9.916|
CipherText<10> |OUT3<2>        |    9.835|
CipherText<11> |OUT3<3>        |   10.083|
CipherText<12> |OUT3<4>        |    9.888|
CipherText<13> |OUT3<5>        |   11.118|
CipherText<14> |OUT3<6>        |   10.301|
CipherText<15> |OUT3<7>        |    9.741|
CipherText<16> |OUT2<0>        |    9.916|
CipherText<17> |OUT2<1>        |    9.869|
CipherText<18> |OUT2<2>        |    9.633|
CipherText<19> |OUT2<3>        |    9.236|
CipherText<20> |OUT2<4>        |    9.308|
CipherText<21> |OUT2<5>        |    9.520|
CipherText<22> |OUT2<6>        |    8.486|
CipherText<23> |OUT2<7>        |   10.034|
CipherText<24> |OUT1<0>        |    9.071|
CipherText<25> |OUT1<1>        |    9.973|
CipherText<26> |OUT1<2>        |    9.472|
CipherText<27> |OUT1<3>        |    9.531|
CipherText<28> |OUT1<4>        |   10.448|
CipherText<29> |OUT1<5>        |    9.217|
CipherText<30> |OUT1<6>        |   10.334|
CipherText<31> |OUT1<7>        |   10.083|
---------------+---------------+---------+


Analysis completed Fri Dec 01 15:04:15 2017 
--------------------------------------------------------------------------------

Trace Settings:
-------------------------
Trace Settings 

Peak Memory Usage: 246 MB



