MO xor_8 NULL XOR_8.v vlg60/xor__8.bin 1497337136
AR fd8re_mxilinx_rough behavioral "C:/Users/Chaitanya Paikara/Documents/GitHub/BLDC_Motor_FPGA/CRYPTO/Rough.vhf" sub00/vhpl03 1496813395
AR main behavioral "C:/Users/Chaitanya Paikara/Documents/GitHub/BLDC_Motor_FPGA/CRYPTO/Main.vhf" sub00/vhpl01 1497337151
EN fd8re_mxilinx_rough NULL "C:/Users/Chaitanya Paikara/Documents/GitHub/BLDC_Motor_FPGA/CRYPTO/Rough.vhf" sub00/vhpl02 1496813394
AR rough_s_lut behavioral "C:/Users/Chaitanya Paikara/Documents/GitHub/BLDC_Motor_FPGA/CRYPTO/Rough_S_LUT.vhf" sub00/vhpl17 1497337147
MO Key_scheduler NULL Key_scheduler.v vlg5F/_key__scheduler.bin 1497337136
MO COUNTER NULL COUNTER.v vlg30/_c_o_u_n_t_e_r.bin 1497337136
AR fd8ce_mxilinx_decrypt_main behavioral "C:/Users/Chaitanya Paikara/Documents/GitHub/BLDC_Motor_FPGA/CRYPTO/Decrypt_main.vhf" sub00/vhpl19 1497179629
MO S_BOX_LUT_DY NULL S_BOX_LUT_DY.v vlg0F/_s___b_o_x___l_u_t___d_y.bin 1497183718
AR decrypt_main behavioral "C:/Users/Chaitanya Paikara/Documents/GitHub/BLDC_Motor_FPGA/CRYPTO/Decrypt_main.vhf" sub00/vhpl23 1497179633
MO S_BOX NULL S-BOX.v vlg5B/_s___b_o_x.bin 1497179627
EN fd8ce_mxilinx_decrypt_main NULL "C:/Users/Chaitanya Paikara/Documents/GitHub/BLDC_Motor_FPGA/CRYPTO/Decrypt_main.vhf" sub00/vhpl18 1497179628
AR main_muser_rough_s_lut behavioral "C:/Users/Chaitanya Paikara/Documents/GitHub/BLDC_Motor_FPGA/CRYPTO/Rough_S_LUT.vhf" sub00/vhpl15 1497337145
EN rough_s_lut NULL "C:/Users/Chaitanya Paikara/Documents/GitHub/BLDC_Motor_FPGA/CRYPTO/Rough_S_LUT.vhf" sub00/vhpl16 1497337146
EN fd8ce_mxilinx_rough NULL "C:/Users/Chaitanya Paikara/Documents/GitHub/BLDC_Motor_FPGA/CRYPTO/Rough.vhf" sub00/vhpl08 1497337136
EN decrypt_muser_decrypt_main NULL "C:/Users/Chaitanya Paikara/Documents/GitHub/BLDC_Motor_FPGA/CRYPTO/Decrypt_main.vhf" sub00/vhpl20 1497179630
EN rough NULL "C:/Users/Chaitanya Paikara/Documents/GitHub/BLDC_Motor_FPGA/CRYPTO/Rough.vhf" sub00/vhpl04 1497337140
AR fd8ce_mxilinx_decrypt behavioral "C:/Users/Chaitanya Paikara/Documents/GitHub/BLDC_Motor_FPGA/CRYPTO/Decrypt.vhf" sub00/vhpl25 1497179639
EN main NULL "C:/Users/Chaitanya Paikara/Documents/GitHub/BLDC_Motor_FPGA/CRYPTO/Main.vhf" sub00/vhpl00 1497337150
AR fd8ce_mxilinx_rough_s_lut behavioral "C:/Users/Chaitanya Paikara/Documents/GitHub/BLDC_Motor_FPGA/CRYPTO/Rough_S_LUT.vhf" sub00/vhpl13 1497337143
MO XOR_8 NULL XOR_8.v vlg00/_x_o_r__8.bin 1495804710
EN main_muser_rough_s_lut NULL "C:/Users/Chaitanya Paikara/Documents/GitHub/BLDC_Motor_FPGA/CRYPTO/Rough_S_LUT.vhf" sub00/vhpl14 1497337144
EN decrypt_main NULL "C:/Users/Chaitanya Paikara/Documents/GitHub/BLDC_Motor_FPGA/CRYPTO/Decrypt_main.vhf" sub00/vhpl22 1497179632
EN fd8ce_mxilinx_main NULL "C:/Users/Chaitanya Paikara/Documents/GitHub/BLDC_Motor_FPGA/CRYPTO/Main.vhf" sub00/vhpl06 1497337148
MO S_BOX_LUT NULL S_BOX_LUT.v vlg77/_s___b_o_x___l_u_t.bin 1497337136
EN fd8ce_mxilinx_rough_s_lut NULL "C:/Users/Chaitanya Paikara/Documents/GitHub/BLDC_Motor_FPGA/CRYPTO/Rough_S_LUT.vhf" sub00/vhpl12 1497337142
AR fd8ce_mxilinx_main behavioral "C:/Users/Chaitanya Paikara/Documents/GitHub/BLDC_Motor_FPGA/CRYPTO/Main.vhf" sub00/vhpl07 1497337149
AR decrypt behavioral "C:/Users/Chaitanya Paikara/Documents/GitHub/BLDC_Motor_FPGA/CRYPTO/Decrypt.vhf" sub00/vhpl27 1497179641
EN fd8ce_mxilinx_decrypt NULL "C:/Users/Chaitanya Paikara/Documents/GitHub/BLDC_Motor_FPGA/CRYPTO/Decrypt.vhf" sub00/vhpl24 1497179638
AR rough behavioral "C:/Users/Chaitanya Paikara/Documents/GitHub/BLDC_Motor_FPGA/CRYPTO/Rough.vhf" sub00/vhpl05 1497337141
EN decrypt NULL "C:/Users/Chaitanya Paikara/Documents/GitHub/BLDC_Motor_FPGA/CRYPTO/Decrypt.vhf" sub00/vhpl26 1497179640
AR main_muser_rough behavioral "C:/Users/Chaitanya Paikara/Documents/GitHub/BLDC_Motor_FPGA/CRYPTO/Rough.vhf" sub00/vhpl11 1497337139
AR decrypt_muser_decrypt_main behavioral "C:/Users/Chaitanya Paikara/Documents/GitHub/BLDC_Motor_FPGA/CRYPTO/Decrypt_main.vhf" sub00/vhpl21 1497179631
MO Key_schedule_decrypt NULL Key_schedule_decrypt.v vlg1B/_key__schedule__decrypt.bin 1497179627
EN main_muser_rough NULL "C:/Users/Chaitanya Paikara/Documents/GitHub/BLDC_Motor_FPGA/CRYPTO/Rough.vhf" sub00/vhpl10 1497337138
AR fd8ce_mxilinx_rough behavioral "C:/Users/Chaitanya Paikara/Documents/GitHub/BLDC_Motor_FPGA/CRYPTO/Rough.vhf" sub00/vhpl09 1497337137
