V3 49
FL "C:/Users/Chaitanya Paikara/Documents/GitHub/BLDC_Motor_FPGA/CRYPTO/Decrypt.vhf" 2017/06/08.13:55:47 P.28xd
EN work/FD8CE_MXILINX_Decrypt 1497179638 \
      FL "C:/Users/Chaitanya Paikara/Documents/GitHub/BLDC_Motor_FPGA/CRYPTO/Decrypt.vhf" \
      PB ieee/std_logic_1164 1341906176 PB ieee/NUMERIC_STD 1341906182 LB UNISIM \
      PH unisim/VCOMPONENTS 1341906184
AR work/FD8CE_MXILINX_Decrypt/BEHAVIORAL 1497179639 \
      FL "C:/Users/Chaitanya Paikara/Documents/GitHub/BLDC_Motor_FPGA/CRYPTO/Decrypt.vhf" \
      EN work/FD8CE_MXILINX_Decrypt 1497179638 CP FDCE
EN work/Decrypt 1497179640 \
      FL "C:/Users/Chaitanya Paikara/Documents/GitHub/BLDC_Motor_FPGA/CRYPTO/Decrypt.vhf" \
      PB ieee/std_logic_1164 1341906176 PB ieee/NUMERIC_STD 1341906182 LB UNISIM \
      PH unisim/VCOMPONENTS 1341906184
AR work/Decrypt/BEHAVIORAL 1497179641 \
      FL "C:/Users/Chaitanya Paikara/Documents/GitHub/BLDC_Motor_FPGA/CRYPTO/Decrypt.vhf" \
      EN work/Decrypt 1497179640 CP FD8CE_MXILINX_Decrypt CP GND CP S_BOX_LUT \
      CP XOR_8 CP Key_schedule_decrypt CP INV
FL "C:/Users/Chaitanya Paikara/Documents/GitHub/BLDC_Motor_FPGA/CRYPTO/Decrypt_main.vhf" 2017/06/08.13:58:08 P.28xd
EN work/FD8CE_MXILINX_Decrypt_main 1497179628 \
      FL "C:/Users/Chaitanya Paikara/Documents/GitHub/BLDC_Motor_FPGA/CRYPTO/Decrypt_main.vhf" \
      PB ieee/std_logic_1164 1341906176 PB ieee/NUMERIC_STD 1341906182 LB UNISIM \
      PH unisim/VCOMPONENTS 1341906184
AR work/FD8CE_MXILINX_Decrypt_main/BEHAVIORAL 1497179629 \
      FL "C:/Users/Chaitanya Paikara/Documents/GitHub/BLDC_Motor_FPGA/CRYPTO/Decrypt_main.vhf" \
      EN work/FD8CE_MXILINX_Decrypt_main 1497179628 CP FDCE
EN work/Decrypt_MUSER_Decrypt_main 1497179630 \
      FL "C:/Users/Chaitanya Paikara/Documents/GitHub/BLDC_Motor_FPGA/CRYPTO/Decrypt_main.vhf" \
      PB ieee/std_logic_1164 1341906176 PB ieee/NUMERIC_STD 1341906182 LB UNISIM \
      PH unisim/VCOMPONENTS 1341906184
AR work/Decrypt_MUSER_Decrypt_main/BEHAVIORAL 1497179631 \
      FL "C:/Users/Chaitanya Paikara/Documents/GitHub/BLDC_Motor_FPGA/CRYPTO/Decrypt_main.vhf" \
      EN work/Decrypt_MUSER_Decrypt_main 1497179630 CP FD8CE_MXILINX_Decrypt_main \
      CP GND CP S_BOX_LUT CP XOR_8 CP Key_schedule_decrypt CP INV
EN work/Decrypt_main 1497179632 \
      FL "C:/Users/Chaitanya Paikara/Documents/GitHub/BLDC_Motor_FPGA/CRYPTO/Decrypt_main.vhf" \
      PB ieee/std_logic_1164 1341906176 PB ieee/NUMERIC_STD 1341906182 LB UNISIM \
      PH unisim/VCOMPONENTS 1341906184
AR work/Decrypt_main/BEHAVIORAL 1497179633 \
      FL "C:/Users/Chaitanya Paikara/Documents/GitHub/BLDC_Motor_FPGA/CRYPTO/Decrypt_main.vhf" \
      EN work/Decrypt_main 1497179632 CP COUNTER CP Decrypt_MUSER_Decrypt_main
FL "C:/Users/Chaitanya Paikara/Documents/GitHub/BLDC_Motor_FPGA/CRYPTO/Main.vhf" 2017/06/13.12:28:53 P.28xd
EN work/FD8CE_MXILINX_Main 1497337148 \
      FL "C:/Users/Chaitanya Paikara/Documents/GitHub/BLDC_Motor_FPGA/CRYPTO/Main.vhf" \
      PB ieee/std_logic_1164 1341906176 PB ieee/NUMERIC_STD 1341906182 LB UNISIM \
      PH unisim/VCOMPONENTS 1341906184
AR work/FD8CE_MXILINX_Main/BEHAVIORAL 1497337149 \
      FL "C:/Users/Chaitanya Paikara/Documents/GitHub/BLDC_Motor_FPGA/CRYPTO/Main.vhf" \
      EN work/FD8CE_MXILINX_Main 1497337148 CP FDCE
EN work/Main 1497337150 \
      FL "C:/Users/Chaitanya Paikara/Documents/GitHub/BLDC_Motor_FPGA/CRYPTO/Main.vhf" \
      PB ieee/std_logic_1164 1341906176 PB ieee/NUMERIC_STD 1341906182 LB UNISIM \
      PH unisim/VCOMPONENTS 1341906184
AR work/Main/BEHAVIORAL 1497337151 \
      FL "C:/Users/Chaitanya Paikara/Documents/GitHub/BLDC_Motor_FPGA/CRYPTO/Main.vhf" \
      EN work/Main 1497337150 CP XOR_8 CP Key_scheduler CP FD8CE_MXILINX_Main CP INV \
      CP GND CP S_BOX_LUT
FL "C:/Users/Chaitanya Paikara/Documents/GitHub/BLDC_Motor_FPGA/CRYPTO/Rough.vhf" 2017/06/07.14:43:08 P.28xd
EN work/FD8CE_MXILINX_Rough 1497337136 \
      FL "C:/Users/Chaitanya Paikara/Documents/GitHub/BLDC_Motor_FPGA/CRYPTO/Rough.vhf" \
      PB ieee/std_logic_1164 1341906176 PB ieee/NUMERIC_STD 1341906182 LB UNISIM \
      PH unisim/VCOMPONENTS 1341906184
AR work/FD8CE_MXILINX_Rough/BEHAVIORAL 1497337137 \
      FL "C:/Users/Chaitanya Paikara/Documents/GitHub/BLDC_Motor_FPGA/CRYPTO/Rough.vhf" \
      EN work/FD8CE_MXILINX_Rough 1497337136 CP FDCE
EN work/Main_MUSER_Rough 1497337138 \
      FL "C:/Users/Chaitanya Paikara/Documents/GitHub/BLDC_Motor_FPGA/CRYPTO/Rough.vhf" \
      PB ieee/std_logic_1164 1341906176 PB ieee/NUMERIC_STD 1341906182 LB UNISIM \
      PH unisim/VCOMPONENTS 1341906184
AR work/Main_MUSER_Rough/BEHAVIORAL 1497337139 \
      FL "C:/Users/Chaitanya Paikara/Documents/GitHub/BLDC_Motor_FPGA/CRYPTO/Rough.vhf" \
      EN work/Main_MUSER_Rough 1497337138 CP S_BOX CP XOR_8 CP Key_scheduler \
      CP FD8CE_MXILINX_Rough CP INV CP GND
EN work/Rough 1497337140 \
      FL "C:/Users/Chaitanya Paikara/Documents/GitHub/BLDC_Motor_FPGA/CRYPTO/Rough.vhf" \
      PB ieee/std_logic_1164 1341906176 PB ieee/NUMERIC_STD 1341906182 LB UNISIM \
      PH unisim/VCOMPONENTS 1341906184
AR work/Rough/BEHAVIORAL 1497337141 \
      FL "C:/Users/Chaitanya Paikara/Documents/GitHub/BLDC_Motor_FPGA/CRYPTO/Rough.vhf" \
      EN work/Rough 1497337140 CP COUNTER CP Main_MUSER_Rough
FL "C:/Users/Chaitanya Paikara/Documents/GitHub/BLDC_Motor_FPGA/CRYPTO/Rough_S_LUT.vhf" 2017/06/13.12:28:52 P.28xd
EN work/FD8CE_MXILINX_Rough_S_LUT 1497337142 \
      FL "C:/Users/Chaitanya Paikara/Documents/GitHub/BLDC_Motor_FPGA/CRYPTO/Rough_S_LUT.vhf" \
      PB ieee/std_logic_1164 1341906176 PB ieee/NUMERIC_STD 1341906182 LB UNISIM \
      PH unisim/VCOMPONENTS 1341906184
AR work/FD8CE_MXILINX_Rough_S_LUT/BEHAVIORAL 1497337143 \
      FL "C:/Users/Chaitanya Paikara/Documents/GitHub/BLDC_Motor_FPGA/CRYPTO/Rough_S_LUT.vhf" \
      EN work/FD8CE_MXILINX_Rough_S_LUT 1497337142 CP FDCE
EN work/Main_MUSER_Rough_S_LUT 1497337144 \
      FL "C:/Users/Chaitanya Paikara/Documents/GitHub/BLDC_Motor_FPGA/CRYPTO/Rough_S_LUT.vhf" \
      PB ieee/std_logic_1164 1341906176 PB ieee/NUMERIC_STD 1341906182 LB UNISIM \
      PH unisim/VCOMPONENTS 1341906184
AR work/Main_MUSER_Rough_S_LUT/BEHAVIORAL 1497337145 \
      FL "C:/Users/Chaitanya Paikara/Documents/GitHub/BLDC_Motor_FPGA/CRYPTO/Rough_S_LUT.vhf" \
      EN work/Main_MUSER_Rough_S_LUT 1497337144 CP XOR_8 CP Key_scheduler \
      CP FD8CE_MXILINX_Rough_S_LUT CP INV CP GND CP S_BOX_LUT
EN work/Rough_S_LUT 1497337146 \
      FL "C:/Users/Chaitanya Paikara/Documents/GitHub/BLDC_Motor_FPGA/CRYPTO/Rough_S_LUT.vhf" \
      PB ieee/std_logic_1164 1341906176 PB ieee/NUMERIC_STD 1341906182 LB UNISIM \
      PH unisim/VCOMPONENTS 1341906184
AR work/Rough_S_LUT/BEHAVIORAL 1497337147 \
      FL "C:/Users/Chaitanya Paikara/Documents/GitHub/BLDC_Motor_FPGA/CRYPTO/Rough_S_LUT.vhf" \
      EN work/Rough_S_LUT 1497337146 CP COUNTER CP Main_MUSER_Rough_S_LUT
